  console.log
    [dotenv@17.2.3] injecting env (3) from .env -- tip: ≡ƒöÉ prevent committing .env to code: https://dotenvx.com/precommit

      at _log (node_modules/dotenv/lib/main.js:142:11)

  console.log
    [dotenv@17.2.3] injecting env (0) from .env -- tip: ≡ƒöÉ prevent committing .env to code: https://dotenvx.com/precommit

      at _log (node_modules/dotenv/lib/main.js:142:11)

node.exe : FAIL 
tests/cart.test.js 
(20.765 s)
At C:\Program Files\n
odejs\npx.ps1:29 
char:3
+   & $NODE_EXE 
$NPX_CLI_JS $args
+   ~~~~~~~~~~~~~~~~~
~~~~~~~~~~~~
    + CategoryInfo   
           : NotSpe  
  cified: (FAIL te   
 sts/cart.test.js    
 (20.765 s):Stri    
ng) [], RemoteEx    
ception
    + FullyQualified 
   ErrorId : Native  
  CommandError
 
  Cart API
    ├ù should add 
item to cart (5016 
ms)
    ├ù should get 
cart items (5001 ms)
    ├ù should remove 
item from cart (5008 
ms)
    ├ù should 
purchase cart (5006 
ms)

  ΓùÅ Cart API ΓÇ║ 
should add item to 
cart

    MongoParseError: 
options 
usenewurlparser, 
useunifiedtopology 
are not supported

    [0m [90m 10 
|[39m
     [90m 11 |[39m 
beforeAll([36masync
[39m () [33m=>[39m 
{
    [31m[1m>[22m[
39m[90m 12 |[39m   
  [36mawait[39m mon
goose[33m.[39mconne
ct(process[33m.[39m
env[33m.[39m[33mMO
NGO_URI[39m 
[33m+[39m [32m'_te
st'[39m[33m,[39m {
     [90m    |[39m 
                   
[31m[1m^[22m[39m
     [90m 13 |[39m 
        useNewUrlPars
er[33m:[39m [36mtr
ue[39m[33m,[39m
     [90m 14 |[39m 
        useUnifiedTop
ology[33m:[39m [36
mtrue[39m[33m,[39m
     [90m 15 |[39m 
    })[33m;[39m[0m

      at 
parseOptions (node_mo
dules/mongodb/src/con
nection_string.ts:363
:11)
      at new 
MongoClient (node_mod
ules/mongodb/src/mong
o_client.ts:421:32)
      at NativeConnec
tion.createClient (no
de_modules/mongoose/l
ib/drivers/node-mongo
db-native/connection.
js:336:14)
      at NativeConnec
tion.openUri (node_mo
dules/mongoose/lib/co
nnection.js:1075:34)
      at 
Mongoose.connect (nod
e_modules/mongoose/li
b/mongoose.js:451:15)
      at 
Object.connect (tests
/cart.test.js:12:20)

  ΓùÅ Cart API ΓÇ║ 
should add item to 
cart

    thrown: 
"Exceeded timeout of 
5000 ms for a hook.
    Add a timeout 
value to this test 
to increase the 
timeout, if this is 
a long-running test. 
See https://jestjs.io
/docs/api#testname-fn
-timeout."

    [0m [90m 16 
|[39m })[33m;[39m
     [90m 17 |[39m
    [31m[1m>[22m[
39m[90m 18 |[39m af
terEach([36masync[3
9m () [33m=>[39m {
     [90m    |[39m 
[31m[1m^[22m[39m
     [90m 19 |[39m 
    [36mawait[39m 
[33mUser[39m[33m.[
39mdeleteMany({})[33
m;[39m
     [90m 20 |[39m 
    [36mawait[39m 
[33mSweet[39m[33m.
[39mdeleteMany({})[3
3m;[39m
     [90m 21 |[39m 
})[33m;[39m[0m

      at 
Object.afterEach (tes
ts/cart.test.js:18:1)

  ΓùÅ Cart API ΓÇ║ 
should get cart items

    MongoParseError: 
options 
usenewurlparser, 
useunifiedtopology 
are not supported

    [0m [90m 10 
|[39m
     [90m 11 |[39m 
beforeAll([36masync
[39m () [33m=>[39m 
{
    [31m[1m>[22m[
39m[90m 12 |[39m   
  [36mawait[39m mon
goose[33m.[39mconne
ct(process[33m.[39m
env[33m.[39m[33mMO
NGO_URI[39m 
[33m+[39m [32m'_te
st'[39m[33m,[39m {
     [90m    |[39m 
                   
[31m[1m^[22m[39m
     [90m 13 |[39m 
        useNewUrlPars
er[33m:[39m [36mtr
ue[39m[33m,[39m
     [90m 14 |[39m 
        useUnifiedTop
ology[33m:[39m [36
mtrue[39m[33m,[39m
     [90m 15 |[39m 
    })[33m;[39m[0m

      at 
parseOptions (node_mo
dules/mongodb/src/con
nection_string.ts:363
:11)
      at new 
MongoClient (node_mod
ules/mongodb/src/mong
o_client.ts:421:32)
      at NativeConnec
tion.createClient (no
de_modules/mongoose/l
ib/drivers/node-mongo
db-native/connection.
js:336:14)
      at NativeConnec
tion.openUri (node_mo
dules/mongoose/lib/co
nnection.js:1075:34)
      at 
Mongoose.connect (nod
e_modules/mongoose/li
b/mongoose.js:451:15)
      at 
Object.connect (tests
/cart.test.js:12:20)

  ΓùÅ Cart API ΓÇ║ 
should get cart items

    thrown: 
"Exceeded timeout of 
5000 ms for a hook.
    Add a timeout 
value to this test 
to increase the 
timeout, if this is 
a long-running test. 
See https://jestjs.io
/docs/api#testname-fn
-timeout."

    [0m [90m 16 
|[39m })[33m;[39m
     [90m 17 |[39m
    [31m[1m>[22m[
39m[90m 18 |[39m af
terEach([36masync[3
9m () [33m=>[39m {
     [90m    |[39m 
[31m[1m^[22m[39m
     [90m 19 |[39m 
    [36mawait[39m 
[33mUser[39m[33m.[
39mdeleteMany({})[33
m;[39m
     [90m 20 |[39m 
    [36mawait[39m 
[33mSweet[39m[33m.
[39mdeleteMany({})[3
3m;[39m
     [90m 21 |[39m 
})[33m;[39m[0m

      at 
Object.afterEach (tes
ts/cart.test.js:18:1)

  ΓùÅ Cart API ΓÇ║ 
should remove item 
from cart

    MongoParseError: 
options 
usenewurlparser, 
useunifiedtopology 
are not supported

    [0m [90m 10 
|[39m
     [90m 11 |[39m 
beforeAll([36masync
[39m () [33m=>[39m 
{
    [31m[1m>[22m[
39m[90m 12 |[39m   
  [36mawait[39m mon
goose[33m.[39mconne
ct(process[33m.[39m
env[33m.[39m[33mMO
NGO_URI[39m 
[33m+[39m [32m'_te
st'[39m[33m,[39m {
     [90m    |[39m 
                   
[31m[1m^[22m[39m
     [90m 13 |[39m 
        useNewUrlPars
er[33m:[39m [36mtr
ue[39m[33m,[39m
     [90m 14 |[39m 
        useUnifiedTop
ology[33m:[39m [36
mtrue[39m[33m,[39m
     [90m 15 |[39m 
    })[33m;[39m[0m

      at 
parseOptions (node_mo
dules/mongodb/src/con
nection_string.ts:363
:11)
      at new 
MongoClient (node_mod
ules/mongodb/src/mong
o_client.ts:421:32)
      at NativeConnec
tion.createClient (no
de_modules/mongoose/l
ib/drivers/node-mongo
db-native/connection.
js:336:14)
      at NativeConnec
tion.openUri (node_mo
dules/mongoose/lib/co
nnection.js:1075:34)
      at 
Mongoose.connect (nod
e_modules/mongoose/li
b/mongoose.js:451:15)
      at 
Object.connect (tests
/cart.test.js:12:20)

  ΓùÅ Cart API ΓÇ║ 
should remove item 
from cart

    thrown: 
"Exceeded timeout of 
5000 ms for a hook.
    Add a timeout 
value to this test 
to increase the 
timeout, if this is 
a long-running test. 
See https://jestjs.io
/docs/api#testname-fn
-timeout."

    [0m [90m 16 
|[39m })[33m;[39m
     [90m 17 |[39m
    [31m[1m>[22m[
39m[90m 18 |[39m af
terEach([36masync[3
9m () [33m=>[39m {
     [90m    |[39m 
[31m[1m^[22m[39m
     [90m 19 |[39m 
    [36mawait[39m 
[33mUser[39m[33m.[
39mdeleteMany({})[33
m;[39m
     [90m 20 |[39m 
    [36mawait[39m 
[33mSweet[39m[33m.
[39mdeleteMany({})[3
3m;[39m
     [90m 21 |[39m 
})[33m;[39m[0m

      at 
Object.afterEach (tes
ts/cart.test.js:18:1)

  ΓùÅ Cart API ΓÇ║ 
should purchase cart

    MongoParseError: 
options 
usenewurlparser, 
useunifiedtopology 
are not supported

    [0m [90m 10 
|[39m
     [90m 11 |[39m 
beforeAll([36masync
[39m () [33m=>[39m 
{
    [31m[1m>[22m[
39m[90m 12 |[39m   
  [36mawait[39m mon
goose[33m.[39mconne
ct(process[33m.[39m
env[33m.[39m[33mMO
NGO_URI[39m 
[33m+[39m [32m'_te
st'[39m[33m,[39m {
     [90m    |[39m 
                   
[31m[1m^[22m[39m
     [90m 13 |[39m 
        useNewUrlPars
er[33m:[39m [36mtr
ue[39m[33m,[39m
     [90m 14 |[39m 
        useUnifiedTop
ology[33m:[39m [36
mtrue[39m[33m,[39m
     [90m 15 |[39m 
    })[33m;[39m[0m

      at 
parseOptions (node_mo
dules/mongodb/src/con
nection_string.ts:363
:11)
      at new 
MongoClient (node_mod
ules/mongodb/src/mong
o_client.ts:421:32)
      at NativeConnec
tion.createClient (no
de_modules/mongoose/l
ib/drivers/node-mongo
db-native/connection.
js:336:14)
      at NativeConnec
tion.openUri (node_mo
dules/mongoose/lib/co
nnection.js:1075:34)
      at 
Mongoose.connect (nod
e_modules/mongoose/li
b/mongoose.js:451:15)
      at 
Object.connect (tests
/cart.test.js:12:20)

  ΓùÅ Cart API ΓÇ║ 
should purchase cart

    thrown: 
"Exceeded timeout of 
5000 ms for a hook.
    Add a timeout 
value to this test 
to increase the 
timeout, if this is 
a long-running test. 
See https://jestjs.io
/docs/api#testname-fn
-timeout."

    [0m [90m 16 
|[39m })[33m;[39m
     [90m 17 |[39m
    [31m[1m>[22m[
39m[90m 18 |[39m af
terEach([36masync[3
9m () [33m=>[39m {
     [90m    |[39m 
[31m[1m^[22m[39m
     [90m 19 |[39m 
    [36mawait[39m 
[33mUser[39m[33m.[
39mdeleteMany({})[33
m;[39m
     [90m 20 |[39m 
    [36mawait[39m 
[33mSweet[39m[33m.
[39mdeleteMany({})[3
3m;[39m
     [90m 21 |[39m 
})[33m;[39m[0m

      at 
Object.afterEach (tes
ts/cart.test.js:18:1)

Test Suites: 1 
failed, 1 total
Tests:       4 
failed, 4 total
Snapshots:   0 total
Time:        20.825 
s, estimated 21 s
Ran all test suites 
matching 
tests/cart.test.js.
Jest did not exit 
one second after the 
test run has 
completed.

'This usually means 
that there are 
asynchronous 
operations that 
weren't stopped in 
your tests. Consider 
running Jest with `--
detectOpenHandles` 
to troubleshoot this 
issue.
